20:56:02:549 [ALWAYS]	GUDE Logging Started
20:56:02:551 [INFO]	SqliteResumeCache::SqliteResumeCache basedirectory is null/empty
20:56:02:551 [ERROR]	SqliteResumeCache::CreateSqliteResumeCache creating resume cache pointer failure
20:56:02:552 [ERROR]	Initialize resume cache pointer failure
20:56:02:553 [INFO]	gude policy POLICY_USER limit (4,4,1) chunk 2097152, chunking (UL 0 DL 1), resXfer 1, adapt 0, NSURL 1, timeout 86400 
20:56:02:553 [INFO]	Initialized -- gude-lib version: v0.12.1 app: gude
20:56:04:578 [WARN]	Request Failed. ErrorCode: 112029 errorMessage: Platform Status, Send Request Failed. WinHTTP Cannot Connect. last error code = 12029 
20:56:06:597 [WARN]	Request Failed. ErrorCode: 112029 errorMessage: Platform Status, Send Request Failed. WinHTTP Cannot Connect. last error code = 12029 
20:56:12:630 [WARN]	Request Failed. ErrorCode: 112029 errorMessage: Platform Status, Send Request Failed. WinHTTP Cannot Connect. last error code = 12029 
20:56:24:653 [WARN]	Request Failed. ErrorCode: 112029 errorMessage: Platform Status, Send Request Failed. WinHTTP Cannot Connect. last error code = 12029 
20:56:32:673 [WARN]	Request Failed. ErrorCode: 112029 errorMessage: Platform Status, Send Request Failed. WinHTTP Cannot Connect. last error code = 12029 
20:56:34:678 [WARN]	Request Failed. ErrorCode: 112029 errorMessage: Platform Status, Send Request Failed. WinHTTP Cannot Connect. last error code = 12029 
20:56:58:716 [WARN]	Request Failed. ErrorCode: 112029 errorMessage: Platform Status, Send Request Failed. WinHTTP Cannot Connect. last error code = 12029 
20:57:42:735 [WARN]	Request Failed. ErrorCode: 112029 errorMessage: Platform Status, Send Request Failed. WinHTTP Cannot Connect. last error code = 12029 
20:58:10:768 [WARN]	Request Failed. ErrorCode: 112029 errorMessage: Platform Status, Send Request Failed. WinHTTP Cannot Connect. last error code = 12029 
20:58:46:796 [WARN]	Request Failed. ErrorCode: 112029 errorMessage: Platform Status, Send Request Failed. WinHTTP Cannot Connect. last error code = 12029 
20:59:18:825 [WARN]	Request Failed. ErrorCode: 112029 errorMessage: Platform Status, Send Request Failed. WinHTTP Cannot Connect. last error code = 12029 
20:59:36:845 [WARN]	Request Failed. ErrorCode: 112029 errorMessage: Platform Status, Send Request Failed. WinHTTP Cannot Connect. last error code = 12029 
21:00:10:934 [WARN]	Request Failed. ErrorCode: 112029 errorMessage: Platform Status, Send Request Failed. WinHTTP Cannot Connect. last error code = 12029 
21:00:44:958 [WARN]	Request Failed. ErrorCode: 112029 errorMessage: Platform Status, Send Request Failed. WinHTTP Cannot Connect. last error code = 12029 
21:01:38:991 [WARN]	Request Failed. ErrorCode: 112029 errorMessage: Platform Status, Send Request Failed. WinHTTP Cannot Connect. last error code = 12029 
21:01:57:016 [WARN]	Request Failed. ErrorCode: 112029 errorMessage: Platform Status, Send Request Failed. WinHTTP Cannot Connect. last error code = 12029 
21:02:19:032 [WARN]	Request Failed. ErrorCode: 112029 errorMessage: Platform Status, Send Request Failed. WinHTTP Cannot Connect. last error code = 12029 
21:02:57:054 [WARN]	Request Failed. ErrorCode: 112029 errorMessage: Platform Status, Send Request Failed. WinHTTP Cannot Connect. last error code = 12029 
21:03:09:081 [WARN]	Request Failed. ErrorCode: 112029 errorMessage: Platform Status, Send Request Failed. WinHTTP Cannot Connect. last error code = 12029 
21:04:03:118 [WARN]	Request Failed. ErrorCode: 112029 errorMessage: Platform Status, Send Request Failed. WinHTTP Cannot Connect. last error code = 12029 
21:04:59:153 [WARN]	Request Failed. ErrorCode: 112029 errorMessage: Platform Status, Send Request Failed. WinHTTP Cannot Connect. last error code = 12029 
21:05:13:176 [WARN]	Request Failed. ErrorCode: 112029 errorMessage: Platform Status, Send Request Failed. WinHTTP Cannot Connect. last error code = 12029 
21:05:37:214 [WARN]	Request Failed. ErrorCode: 112029 errorMessage: Platform Status, Send Request Failed. WinHTTP Cannot Connect. last error code = 12029 
21:06:37:287 [WARN]	Request Failed. ErrorCode: 112029 errorMessage: Platform Status, Send Request Failed. WinHTTP Cannot Connect. last error code = 12029 
21:07:27:376 [WARN]	Request Failed. ErrorCode: 112029 errorMessage: Platform Status, Send Request Failed. WinHTTP Cannot Connect. last error code = 12029 
21:07:35:406 [WARN]	Request Failed. ErrorCode: 112029 errorMessage: Platform Status, Send Request Failed. WinHTTP Cannot Connect. last error code = 12029 
21:08:35:421 [WARN]	Request Failed. ErrorCode: 112029 errorMessage: Platform Status, Send Request Failed. WinHTTP Cannot Connect. last error code = 12029 
21:09:01:446 [WARN]	Request Failed. ErrorCode: 112029 errorMessage: Platform Status, Send Request Failed. WinHTTP Cannot Connect. last error code = 12029 
21:09:57:489 [WARN]	Request Failed. ErrorCode: 112029 errorMessage: Platform Status, Send Request Failed. WinHTTP Cannot Connect. last error code = 12029 
21:10:09:512 [WARN]	Request Failed. ErrorCode: 112029 errorMessage: Platform Status, Send Request Failed. WinHTTP Cannot Connect. last error code = 12029 
21:10:55:553 [WARN]	Request Failed. ErrorCode: 112029 errorMessage: Platform Status, Send Request Failed. WinHTTP Cannot Connect. last error code = 12029 
21:11:09:586 [WARN]	Request Failed. ErrorCode: 112029 errorMessage: Platform Status, Send Request Failed. WinHTTP Cannot Connect. last error code = 12029 
21:12:09:614 [WARN]	Request Failed. ErrorCode: 112029 errorMessage: Platform Status, Send Request Failed. WinHTTP Cannot Connect. last error code = 12029 
21:12:47:641 [WARN]	Request Failed. ErrorCode: 112029 errorMessage: Platform Status, Send Request Failed. WinHTTP Cannot Connect. last error code = 12029 
21:13:23:662 [WARN]	Request Failed. ErrorCode: 112029 errorMessage: Platform Status, Send Request Failed. WinHTTP Cannot Connect. last error code = 12029 
21:13:49:697 [WARN]	Request Failed. ErrorCode: 112029 errorMessage: Platform Status, Send Request Failed. WinHTTP Cannot Connect. last error code = 12029 
21:14:05:734 [WARN]	Request Failed. ErrorCode: 112029 errorMessage: Platform Status, Send Request Failed. WinHTTP Cannot Connect. last error code = 12029 
21:14:11:795 [WARN]	Request Failed. ErrorCode: 112029 errorMessage: Platform Status, Send Request Failed. WinHTTP Cannot Connect. last error code = 12029 
21:15:05:818 [WARN]	Request Failed. ErrorCode: 112029 errorMessage: Platform Status, Send Request Failed. WinHTTP Cannot Connect. last error code = 12029 
21:15:27:833 [WARN]	Request Failed. ErrorCode: 112029 errorMessage: Platform Status, Send Request Failed. WinHTTP Cannot Connect. last error code = 12029 
21:15:39:871 [WARN]	Request Failed. ErrorCode: 112029 errorMessage: Platform Status, Send Request Failed. WinHTTP Cannot Connect. last error code = 12029 
21:16:41:908 [WARN]	Request Failed. ErrorCode: 112029 errorMessage: Platform Status, Send Request Failed. WinHTTP Cannot Connect. last error code = 12029 
21:16:47:935 [WARN]	Request Failed. ErrorCode: 112029 errorMessage: Platform Status, Send Request Failed. WinHTTP Cannot Connect. last error code = 12029 
21:17:39:966 [WARN]	Request Failed. ErrorCode: 112029 errorMessage: Platform Status, Send Request Failed. WinHTTP Cannot Connect. last error code = 12029 
21:18:37:989 [WARN]	Request Failed. ErrorCode: 112029 errorMessage: Platform Status, Send Request Failed. WinHTTP Cannot Connect. last error code = 12029 
21:18:56:010 [WARN]	Request Failed. ErrorCode: 112029 errorMessage: Platform Status, Send Request Failed. WinHTTP Cannot Connect. last error code = 12029 
21:19:44:042 [WARN]	Request Failed. ErrorCode: 112029 errorMessage: Platform Status, Send Request Failed. WinHTTP Cannot Connect. last error code = 12029 
21:19:54:065 [WARN]	Request Failed. ErrorCode: 112029 errorMessage: Platform Status, Send Request Failed. WinHTTP Cannot Connect. last error code = 12029 
21:20:56:084 [WARN]	Request Failed. ErrorCode: 112029 errorMessage: Platform Status, Send Request Failed. WinHTTP Cannot Connect. last error code = 12029 
21:21:54:115 [WARN]	Request Failed. ErrorCode: 112029 errorMessage: Platform Status, Send Request Failed. WinHTTP Cannot Connect. last error code = 12029 
21:22:34:142 [WARN]	Request Failed. ErrorCode: 112029 errorMessage: Platform Status, Send Request Failed. WinHTTP Cannot Connect. last error code = 12029 
21:22:56:165 [WARN]	Request Failed. ErrorCode: 112029 errorMessage: Platform Status, Send Request Failed. WinHTTP Cannot Connect. last error code = 12029 
21:23:52:189 [WARN]	Request Failed. ErrorCode: 112029 errorMessage: Platform Status, Send Request Failed. WinHTTP Cannot Connect. last error code = 12029 
21:24:36:245 [WARN]	Request Failed. ErrorCode: 112029 errorMessage: Platform Status, Send Request Failed. WinHTTP Cannot Connect. last error code = 12029 
21:25:18:285 [WARN]	Request Failed. ErrorCode: 112029 errorMessage: Platform Status, Send Request Failed. WinHTTP Cannot Connect. last error code = 12029 
21:25:28:321 [WARN]	Request Failed. ErrorCode: 112029 errorMessage: Platform Status, Send Request Failed. WinHTTP Cannot Connect. last error code = 12029 
21:26:22:353 [WARN]	Request Failed. ErrorCode: 112029 errorMessage: Platform Status, Send Request Failed. WinHTTP Cannot Connect. last error code = 12029 
21:27:00:381 [WARN]	Request Failed. ErrorCode: 112029 errorMessage: Platform Status, Send Request Failed. WinHTTP Cannot Connect. last error code = 12029 
21:27:26:417 [WARN]	Request Failed. ErrorCode: 112029 errorMessage: Platform Status, Send Request Failed. WinHTTP Cannot Connect. last error code = 12029 
21:27:44:436 [WARN]	Request Failed. ErrorCode: 112029 errorMessage: Platform Status, Send Request Failed. WinHTTP Cannot Connect. last error code = 12029 
21:28:04:457 [WARN]	Request Failed. ErrorCode: 112029 errorMessage: Platform Status, Send Request Failed. WinHTTP Cannot Connect. last error code = 12029 
21:29:00:497 [WARN]	Request Failed. ErrorCode: 112029 errorMessage: Platform Status, Send Request Failed. WinHTTP Cannot Connect. last error code = 12029 
21:29:54:522 [WARN]	Request Failed. ErrorCode: 112029 errorMessage: Platform Status, Send Request Failed. WinHTTP Cannot Connect. last error code = 12029 
21:30:22:570 [WARN]	Request Failed. ErrorCode: 112029 errorMessage: Platform Status, Send Request Failed. WinHTTP Cannot Connect. last error code = 12029 
21:30:58:597 [WARN]	Request Failed. ErrorCode: 112029 errorMessage: Platform Status, Send Request Failed. WinHTTP Cannot Connect. last error code = 12029 
21:30:58:603 [WARN]	Request Failed. ErrorCode: 112029 errorMessage: Platform Status, Send Request Failed. WinHTTP Cannot Connect. last error code = 12029 
21:31:50:625 [WARN]	Request Failed. ErrorCode: 112029 errorMessage: Platform Status, Send Request Failed. WinHTTP Cannot Connect. last error code = 12029 
21:32:22:648 [WARN]	Request Failed. ErrorCode: 112029 errorMessage: Platform Status, Send Request Failed. WinHTTP Cannot Connect. last error code = 12029 
21:32:50:669 [WARN]	Request Failed. ErrorCode: 112029 errorMessage: Platform Status, Send Request Failed. WinHTTP Cannot Connect. last error code = 12029 
21:32:50:673 [WARN]	Request Failed. ErrorCode: 112029 errorMessage: Platform Status, Send Request Failed. WinHTTP Cannot Connect. last error code = 12029 
21:33:38:695 [WARN]	Request Failed. ErrorCode: 112029 errorMessage: Platform Status, Send Request Failed. WinHTTP Cannot Connect. last error code = 12029 
21:34:22:744 [WARN]	Request Failed. ErrorCode: 112029 errorMessage: Platform Status, Send Request Failed. WinHTTP Cannot Connect. last error code = 12029 
21:35:20:758 [WARN]	Request Failed. ErrorCode: 112029 errorMessage: Platform Status, Send Request Failed. WinHTTP Cannot Connect. last error code = 12029 
21:35:56:779 [WARN]	Request Failed. ErrorCode: 112029 errorMessage: Platform Status, Send Request Failed. WinHTTP Cannot Connect. last error code = 12029 
21:36:14:803 [WARN]	Request Failed. ErrorCode: 112029 errorMessage: Platform Status, Send Request Failed. WinHTTP Cannot Connect. last error code = 12029 
21:36:50:835 [WARN]	Request Failed. ErrorCode: 112029 errorMessage: Platform Status, Send Request Failed. WinHTTP Cannot Connect. last error code = 12029 
21:37:34:893 [WARN]	Request Failed. ErrorCode: 112029 errorMessage: Platform Status, Send Request Failed. WinHTTP Cannot Connect. last error code = 12029 
21:38:34:943 [WARN]	Request Failed. ErrorCode: 112029 errorMessage: Platform Status, Send Request Failed. WinHTTP Cannot Connect. last error code = 12029 
21:39:32:959 [WARN]	Request Failed. ErrorCode: 112029 errorMessage: Platform Status, Send Request Failed. WinHTTP Cannot Connect. last error code = 12029 
21:39:50:994 [WARN]	Request Failed. ErrorCode: 112029 errorMessage: Platform Status, Send Request Failed. WinHTTP Cannot Connect. last error code = 12029 
21:40:47:019 [WARN]	Request Failed. ErrorCode: 112029 errorMessage: Platform Status, Send Request Failed. WinHTTP Cannot Connect. last error code = 12029 
21:41:13:039 [WARN]	Request Failed. ErrorCode: 112029 errorMessage: Platform Status, Send Request Failed. WinHTTP Cannot Connect. last error code = 12029 
21:41:43:058 [WARN]	Request Failed. ErrorCode: 112029 errorMessage: Platform Status, Send Request Failed. WinHTTP Cannot Connect. last error code = 12029 
21:42:23:107 [WARN]	Request Failed. ErrorCode: 112007 errorMessage: Platform Status, Send Request Failed. WinHTTP Name Not Resolved. last error code = 12007 
21:42:59:269 [WARN]	Request Failed. ErrorCode: 112029 errorMessage: Platform Status, Send Request Failed. WinHTTP Cannot Connect. last error code = 12029 
21:43:07:308 [WARN]	Request Failed. ErrorCode: 112029 errorMessage: Platform Status, Send Request Failed. WinHTTP Cannot Connect. last error code = 12029 
21:43:07:321 [WARN]	Request Failed. ErrorCode: 112029 errorMessage: Platform Status, Send Request Failed. WinHTTP Cannot Connect. last error code = 12029 
21:43:19:357 [WARN]	Request Failed. ErrorCode: 112029 errorMessage: Platform Status, Send Request Failed. WinHTTP Cannot Connect. last error code = 12029 
21:43:51:390 [WARN]	Request Failed. ErrorCode: 112029 errorMessage: Platform Status, Send Request Failed. WinHTTP Cannot Connect. last error code = 12029 
21:44:13:451 [WARN]	Request Failed. ErrorCode: 112007 errorMessage: Platform Status, Send Request Failed. WinHTTP Name Not Resolved. last error code = 12007 
21:44:21:532 [WARN]	Request Failed. ErrorCode: 112007 errorMessage: Platform Status, Send Request Failed. WinHTTP Name Not Resolved. last error code = 12007 
21:44:54:596 [WARN]	Request Failed. ErrorCode: 112007 errorMessage: Platform Status, Send Request Failed. WinHTTP Name Not Resolved. last error code = 12007 
21:45:40:626 [WARN]	Request Failed. ErrorCode: 112029 errorMessage: Platform Status, Send Request Failed. WinHTTP Cannot Connect. last error code = 12029 
21:46:16:652 [WARN]	Request Failed. ErrorCode: 112029 errorMessage: Platform Status, Send Request Failed. WinHTTP Cannot Connect. last error code = 12029 
21:47:10:734 [WARN]	Request Failed. ErrorCode: 112029 errorMessage: Platform Status, Send Request Failed. WinHTTP Cannot Connect. last error code = 12029 
21:47:12:747 [WARN]	Request Failed. ErrorCode: 112029 errorMessage: Platform Status, Send Request Failed. WinHTTP Cannot Connect. last error code = 12029 
21:47:16:764 [WARN]	Request Failed. ErrorCode: 112029 errorMessage: Platform Status, Send Request Failed. WinHTTP Cannot Connect. last error code = 12029 
21:48:00:803 [WARN]	Request Failed. ErrorCode: 112029 errorMessage: Platform Status, Send Request Failed. WinHTTP Cannot Connect. last error code = 12029 
21:48:04:822 [WARN]	Request Failed. ErrorCode: 112029 errorMessage: Platform Status, Send Request Failed. WinHTTP Cannot Connect. last error code = 12029 
21:48:38:843 [WARN]	Request Failed. ErrorCode: 112029 errorMessage: Platform Status, Send Request Failed. WinHTTP Cannot Connect. last error code = 12029 
21:49:36:859 [WARN]	Request Failed. ErrorCode: 112029 errorMessage: Platform Status, Send Request Failed. WinHTTP Cannot Connect. last error code = 12029 
21:49:38:881 [WARN]	Request Failed. ErrorCode: 112029 errorMessage: Platform Status, Send Request Failed. WinHTTP Cannot Connect. last error code = 12029 
21:50:00:913 [WARN]	Request Failed. ErrorCode: 112029 errorMessage: Platform Status, Send Request Failed. WinHTTP Cannot Connect. last error code = 12029 
21:51:02:931 [WARN]	Request Failed. ErrorCode: 112029 errorMessage: Platform Status, Send Request Failed. WinHTTP Cannot Connect. last error code = 12029 
21:51:54:950 [WARN]	Request Failed. ErrorCode: 112029 errorMessage: Platform Status, Send Request Failed. WinHTTP Cannot Connect. last error code = 12029 
21:52:26:980 [WARN]	Request Failed. ErrorCode: 112029 errorMessage: Platform Status, Send Request Failed. WinHTTP Cannot Connect. last error code = 12029 
21:52:47:016 [WARN]	Request Failed. ErrorCode: 112029 errorMessage: Platform Status, Send Request Failed. WinHTTP Cannot Connect. last error code = 12029 
21:53:37:045 [WARN]	Request Failed. ErrorCode: 112029 errorMessage: Platform Status, Send Request Failed. WinHTTP Cannot Connect. last error code = 12029 
21:53:41:100 [WARN]	Request Failed. ErrorCode: 112029 errorMessage: Platform Status, Send Request Failed. WinHTTP Cannot Connect. last error code = 12029 
21:54:31:125 [WARN]	Request Failed. ErrorCode: 112029 errorMessage: Platform Status, Send Request Failed. WinHTTP Cannot Connect. last error code = 12029 
21:55:07:149 [WARN]	Request Failed. ErrorCode: 112029 errorMessage: Platform Status, Send Request Failed. WinHTTP Cannot Connect. last error code = 12029 
21:56:05:171 [WARN]	Request Failed. ErrorCode: 112029 errorMessage: Platform Status, Send Request Failed. WinHTTP Cannot Connect. last error code = 12029 
21:56:23:195 [WARN]	Request Failed. ErrorCode: 112029 errorMessage: Platform Status, Send Request Failed. WinHTTP Cannot Connect. last error code = 12029 
21:56:47:282 [WARN]	Request Failed. ErrorCode: 112029 errorMessage: Platform Status, Send Request Failed. WinHTTP Cannot Connect. last error code = 12029 
21:56:47:287 [WARN]	Request Failed. ErrorCode: 112029 errorMessage: Platform Status, Send Request Failed. WinHTTP Cannot Connect. last error code = 12029 
21:57:47:350 [WARN]	Request Failed. ErrorCode: 112029 errorMessage: Platform Status, Send Request Failed. WinHTTP Cannot Connect. last error code = 12029 
21:57:57:376 [WARN]	Request Failed. ErrorCode: 112029 errorMessage: Platform Status, Send Request Failed. WinHTTP Cannot Connect. last error code = 12029 
21:58:47:415 [WARN]	Request Failed. ErrorCode: 112029 errorMessage: Platform Status, Send Request Failed. WinHTTP Cannot Connect. last error code = 12029 
21:59:29:483 [WARN]	Request Failed. ErrorCode: 112029 errorMessage: Platform Status, Send Request Failed. WinHTTP Cannot Connect. last error code = 12029 
21:59:47:511 [WARN]	Request Failed. ErrorCode: 112029 errorMessage: Platform Status, Send Request Failed. WinHTTP Cannot Connect. last error code = 12029 
21:59:54:407 [WARN]	Request Failed. ErrorCode: 112029 errorMessage: Platform Status, Send Request Failed. WinHTTP Cannot Connect. last error code = 12029 
22:00:30:426 [WARN]	Request Failed. ErrorCode: 112029 errorMessage: Platform Status, Send Request Failed. WinHTTP Cannot Connect. last error code = 12029 
22:00:55:867 [WARN]	Request Failed. ErrorCode: 112029 errorMessage: Platform Status, Send Request Failed. WinHTTP Cannot Connect. last error code = 12029 
22:01:16:214 [WARN]	Request Failed. ErrorCode: 112029 errorMessage: Platform Status, Send Request Failed. WinHTTP Cannot Connect. last error code = 12029 
22:01:42:541 [WARN]	Request Failed. ErrorCode: 112029 errorMessage: Platform Status, Send Request Failed. WinHTTP Cannot Connect. last error code = 12029 
22:02:21:765 [WARN]	Request Failed. ErrorCode: 112029 errorMessage: Platform Status, Send Request Failed. WinHTTP Cannot Connect. last error code = 12029 
22:03:24:443 [WARN]	Request Failed. ErrorCode: 112029 errorMessage: Platform Status, Send Request Failed. WinHTTP Cannot Connect. last error code = 12029 
22:03:42:072 [WARN]	Request Failed. ErrorCode: 112029 errorMessage: Platform Status, Send Request Failed. WinHTTP Cannot Connect. last error code = 12029 
22:04:37:394 [WARN]	Request Failed. ErrorCode: 112029 errorMessage: Platform Status, Send Request Failed. WinHTTP Cannot Connect. last error code = 12029 
22:06:05:295 [WARN]	Request Failed. ErrorCode: 112029 errorMessage: Platform Status, Send Request Failed. WinHTTP Cannot Connect. last error code = 12029 
22:06:58:145 [WARN]	Request Failed. ErrorCode: 112029 errorMessage: Platform Status, Send Request Failed. WinHTTP Cannot Connect. last error code = 12029 
22:07:42:168 [WARN]	Request Failed. ErrorCode: 112029 errorMessage: Platform Status, Send Request Failed. WinHTTP Cannot Connect. last error code = 12029 
22:08:46:397 [WARN]	Request Failed. ErrorCode: 112029 errorMessage: Platform Status, Send Request Failed. WinHTTP Cannot Connect. last error code = 12029 
22:09:27:525 [WARN]	Request Failed. ErrorCode: 112029 errorMessage: Platform Status, Send Request Failed. WinHTTP Cannot Connect. last error code = 12029 
22:10:35:121 [WARN]	Request Failed. ErrorCode: 112029 errorMessage: Platform Status, Send Request Failed. WinHTTP Cannot Connect. last error code = 12029 
22:11:03:148 [WARN]	Request Failed. ErrorCode: 112029 errorMessage: Platform Status, Send Request Failed. WinHTTP Cannot Connect. last error code = 12029 
22:11:15:211 [WARN]	Request Failed. ErrorCode: 112029 errorMessage: Platform Status, Send Request Failed. WinHTTP Cannot Connect. last error code = 12029 
22:11:25:295 [WARN]	Request Failed. ErrorCode: 112029 errorMessage: Platform Status, Send Request Failed. WinHTTP Cannot Connect. last error code = 12029 
22:11:55:386 [WARN]	Request Failed. ErrorCode: 112029 errorMessage: Platform Status, Send Request Failed. WinHTTP Cannot Connect. last error code = 12029 
22:12:41:427 [WARN]	Request Failed. ErrorCode: 112029 errorMessage: Platform Status, Send Request Failed. WinHTTP Cannot Connect. last error code = 12029 
22:12:59:454 [WARN]	Request Failed. ErrorCode: 112029 errorMessage: Platform Status, Send Request Failed. WinHTTP Cannot Connect. last error code = 12029 
22:13:01:473 [WARN]	Request Failed. ErrorCode: 112029 errorMessage: Platform Status, Send Request Failed. WinHTTP Cannot Connect. last error code = 12029 
22:14:03:502 [WARN]	Request Failed. ErrorCode: 112029 errorMessage: Platform Status, Send Request Failed. WinHTTP Cannot Connect. last error code = 12029 
22:14:21:525 [WARN]	Request Failed. ErrorCode: 112029 errorMessage: Platform Status, Send Request Failed. WinHTTP Cannot Connect. last error code = 12029 
22:14:51:548 [WARN]	Request Failed. ErrorCode: 112029 errorMessage: Platform Status, Send Request Failed. WinHTTP Cannot Connect. last error code = 12029 
22:14:53:564 [WARN]	Request Failed. ErrorCode: 112029 errorMessage: Platform Status, Send Request Failed. WinHTTP Cannot Connect. last error code = 12029 
22:15:19:595 [WARN]	Request Failed. ErrorCode: 112029 errorMessage: Platform Status, Send Request Failed. WinHTTP Cannot Connect. last error code = 12029 
22:15:53:625 [WARN]	Request Failed. ErrorCode: 112029 errorMessage: Platform Status, Send Request Failed. WinHTTP Cannot Connect. last error code = 12029 
22:16:53:651 [WARN]	Request Failed. ErrorCode: 112029 errorMessage: Platform Status, Send Request Failed. WinHTTP Cannot Connect. last error code = 12029 
22:17:51:680 [WARN]	Request Failed. ErrorCode: 112029 errorMessage: Platform Status, Send Request Failed. WinHTTP Cannot Connect. last error code = 12029 
22:18:47:701 [WARN]	Request Failed. ErrorCode: 112029 errorMessage: Platform Status, Send Request Failed. WinHTTP Cannot Connect. last error code = 12029 
22:19:31:730 [WARN]	Request Failed. ErrorCode: 112029 errorMessage: Platform Status, Send Request Failed. WinHTTP Cannot Connect. last error code = 12029 
22:20:07:749 [WARN]	Request Failed. ErrorCode: 112029 errorMessage: Platform Status, Send Request Failed. WinHTTP Cannot Connect. last error code = 12029 
22:20:43:776 [WARN]	Request Failed. ErrorCode: 112029 errorMessage: Platform Status, Send Request Failed. WinHTTP Cannot Connect. last error code = 12029 
22:20:55:811 [WARN]	Request Failed. ErrorCode: 112029 errorMessage: Platform Status, Send Request Failed. WinHTTP Cannot Connect. last error code = 12029 
22:21:53:831 [WARN]	Request Failed. ErrorCode: 112029 errorMessage: Platform Status, Send Request Failed. WinHTTP Cannot Connect. last error code = 12029 
22:22:25:853 [WARN]	Request Failed. ErrorCode: 112029 errorMessage: Platform Status, Send Request Failed. WinHTTP Cannot Connect. last error code = 12029 
22:22:33:892 [WARN]	Request Failed. ErrorCode: 112029 errorMessage: Platform Status, Send Request Failed. WinHTTP Cannot Connect. last error code = 12029 
22:23:03:917 [WARN]	Request Failed. ErrorCode: 112029 errorMessage: Platform Status, Send Request Failed. WinHTTP Cannot Connect. last error code = 12029 
22:23:23:947 [WARN]	Request Failed. ErrorCode: 112029 errorMessage: Platform Status, Send Request Failed. WinHTTP Cannot Connect. last error code = 12029 
22:24:09:973 [WARN]	Request Failed. ErrorCode: 112029 errorMessage: Platform Status, Send Request Failed. WinHTTP Cannot Connect. last error code = 12029 
22:24:13:979 [WARN]	Request Failed. ErrorCode: 112029 errorMessage: Platform Status, Send Request Failed. WinHTTP Cannot Connect. last error code = 12029 
22:25:00:011 [WARN]	Request Failed. ErrorCode: 112029 errorMessage: Platform Status, Send Request Failed. WinHTTP Cannot Connect. last error code = 12029 
22:25:16:042 [WARN]	Request Failed. ErrorCode: 112029 errorMessage: Platform Status, Send Request Failed. WinHTTP Cannot Connect. last error code = 12029 
22:26:06:078 [WARN]	Request Failed. ErrorCode: 112029 errorMessage: Platform Status, Send Request Failed. WinHTTP Cannot Connect. last error code = 12029 
22:26:30:113 [WARN]	Request Failed. ErrorCode: 112029 errorMessage: Platform Status, Send Request Failed. WinHTTP Cannot Connect. last error code = 12029 
22:27:08:128 [WARN]	Request Failed. ErrorCode: 112029 errorMessage: Platform Status, Send Request Failed. WinHTTP Cannot Connect. last error code = 12029 
22:27:30:273 [WARN]	Request Failed. ErrorCode: 112029 errorMessage: Platform Status, Send Request Failed. WinHTTP Cannot Connect. last error code = 12029 
22:27:48:345 [WARN]	Request Failed. ErrorCode: 112029 errorMessage: Platform Status, Send Request Failed. WinHTTP Cannot Connect. last error code = 12029 
22:28:24:386 [WARN]	Request Failed. ErrorCode: 112029 errorMessage: Platform Status, Send Request Failed. WinHTTP Cannot Connect. last error code = 12029 
22:29:24:410 [WARN]	Request Failed. ErrorCode: 112029 errorMessage: Platform Status, Send Request Failed. WinHTTP Cannot Connect. last error code = 12029 
22:30:02:439 [WARN]	Request Failed. ErrorCode: 112029 errorMessage: Platform Status, Send Request Failed. WinHTTP Cannot Connect. last error code = 12029 
22:30:42:505 [WARN]	Request Failed. ErrorCode: 112029 errorMessage: Platform Status, Send Request Failed. WinHTTP Cannot Connect. last error code = 12029 
22:31:42:549 [WARN]	Request Failed. ErrorCode: 112029 errorMessage: Platform Status, Send Request Failed. WinHTTP Cannot Connect. last error code = 12029 
22:32:06:601 [WARN]	Request Failed. ErrorCode: 112029 errorMessage: Platform Status, Send Request Failed. WinHTTP Cannot Connect. last error code = 12029 
22:32:46:629 [WARN]	Request Failed. ErrorCode: 112029 errorMessage: Platform Status, Send Request Failed. WinHTTP Cannot Connect. last error code = 12029 
22:33:28:652 [WARN]	Request Failed. ErrorCode: 112029 errorMessage: Platform Status, Send Request Failed. WinHTTP Cannot Connect. last error code = 12029 
22:34:08:676 [WARN]	Request Failed. ErrorCode: 112029 errorMessage: Platform Status, Send Request Failed. WinHTTP Cannot Connect. last error code = 12029 
22:35:10:730 [WARN]	Request Failed. ErrorCode: 112007 errorMessage: Platform Status, Send Request Failed. WinHTTP Name Not Resolved. last error code = 12007 
22:35:50:786 [WARN]	Request Failed. ErrorCode: 112007 errorMessage: Platform Status, Send Request Failed. WinHTTP Name Not Resolved. last error code = 12007 
22:35:58:838 [WARN]	Request Failed. ErrorCode: 112007 errorMessage: Platform Status, Send Request Failed. WinHTTP Name Not Resolved. last error code = 12007 
22:36:48:857 [WARN]	Request Failed. ErrorCode: 112029 errorMessage: Platform Status, Send Request Failed. WinHTTP Cannot Connect. last error code = 12029 
22:37:48:897 [WARN]	Request Failed. ErrorCode: 112029 errorMessage: Platform Status, Send Request Failed. WinHTTP Cannot Connect. last error code = 12029 
22:38:30:935 [WARN]	Request Failed. ErrorCode: 112029 errorMessage: Platform Status, Send Request Failed. WinHTTP Cannot Connect. last error code = 12029 
22:39:00:982 [WARN]	Request Failed. ErrorCode: 112029 errorMessage: Platform Status, Send Request Failed. WinHTTP Cannot Connect. last error code = 12029 
22:39:37:017 [WARN]	Request Failed. ErrorCode: 112029 errorMessage: Platform Status, Send Request Failed. WinHTTP Cannot Connect. last error code = 12029 
22:39:41:039 [WARN]	Request Failed. ErrorCode: 112029 errorMessage: Platform Status, Send Request Failed. WinHTTP Cannot Connect. last error code = 12029 
22:40:21:103 [WARN]	Request Failed. ErrorCode: 112029 errorMessage: Platform Status, Send Request Failed. WinHTTP Cannot Connect. last error code = 12029 
22:40:45:136 [WARN]	Request Failed. ErrorCode: 112029 errorMessage: Platform Status, Send Request Failed. WinHTTP Cannot Connect. last error code = 12029 
22:41:15:161 [WARN]	Request Failed. ErrorCode: 112029 errorMessage: Platform Status, Send Request Failed. WinHTTP Cannot Connect. last error code = 12029 
22:41:53:194 [WARN]	Request Failed. ErrorCode: 112029 errorMessage: Platform Status, Send Request Failed. WinHTTP Cannot Connect. last error code = 12029 
22:42:25:235 [WARN]	Request Failed. ErrorCode: 112029 errorMessage: Platform Status, Send Request Failed. WinHTTP Cannot Connect. last error code = 12029 
22:42:51:331 [WARN]	Request Failed. ErrorCode: 112029 errorMessage: Platform Status, Send Request Failed. WinHTTP Cannot Connect. last error code = 12029 
22:43:07:425 [WARN]	Request Failed. ErrorCode: 112029 errorMessage: Platform Status, Send Request Failed. WinHTTP Cannot Connect. last error code = 12029 
22:43:45:492 [WARN]	Request Failed. ErrorCode: 112029 errorMessage: Platform Status, Send Request Failed. WinHTTP Cannot Connect. last error code = 12029 
22:44:15:532 [WARN]	Request Failed. ErrorCode: 112029 errorMessage: Platform Status, Send Request Failed. WinHTTP Cannot Connect. last error code = 12029 
22:44:57:578 [WARN]	Request Failed. ErrorCode: 112029 errorMessage: Platform Status, Send Request Failed. WinHTTP Cannot Connect. last error code = 12029 
22:45:09:599 [WARN]	Request Failed. ErrorCode: 112029 errorMessage: Platform Status, Send Request Failed. WinHTTP Cannot Connect. last error code = 12029 
22:45:59:646 [WARN]	Request Failed. ErrorCode: 112029 errorMessage: Platform Status, Send Request Failed. WinHTTP Cannot Connect. last error code = 12029 
22:46:57:685 [WARN]	Request Failed. ErrorCode: 112029 errorMessage: Platform Status, Send Request Failed. WinHTTP Cannot Connect. last error code = 12029 
22:47:17:699 [WARN]	Request Failed. ErrorCode: 112029 errorMessage: Platform Status, Send Request Failed. WinHTTP Cannot Connect. last error code = 12029 
22:47:27:726 [WARN]	Request Failed. ErrorCode: 112029 errorMessage: Platform Status, Send Request Failed. WinHTTP Cannot Connect. last error code = 12029 
22:47:27:735 [WARN]	Request Failed. ErrorCode: 112029 errorMessage: Platform Status, Send Request Failed. WinHTTP Cannot Connect. last error code = 12029 
22:48:13:777 [WARN]	Request Failed. ErrorCode: 112029 errorMessage: Platform Status, Send Request Failed. WinHTTP Cannot Connect. last error code = 12029 
22:48:35:809 [WARN]	Request Failed. ErrorCode: 112029 errorMessage: Platform Status, Send Request Failed. WinHTTP Cannot Connect. last error code = 12029 
22:49:23:839 [WARN]	Request Failed. ErrorCode: 112029 errorMessage: Platform Status, Send Request Failed. WinHTTP Cannot Connect. last error code = 12029 
22:49:25:849 [WARN]	Request Failed. ErrorCode: 112029 errorMessage: Platform Status, Send Request Failed. WinHTTP Cannot Connect. last error code = 12029 
22:49:39:889 [WARN]	Request Failed. ErrorCode: 112029 errorMessage: Platform Status, Send Request Failed. WinHTTP Cannot Connect. last error code = 12029 
22:49:47:909 [WARN]	Request Failed. ErrorCode: 112029 errorMessage: Platform Status, Send Request Failed. WinHTTP Cannot Connect. last error code = 12029 
22:50:15:945 [WARN]	Request Failed. ErrorCode: 112029 errorMessage: Platform Status, Send Request Failed. WinHTTP Cannot Connect. last error code = 12029 
22:51:17:969 [WARN]	Request Failed. ErrorCode: 112029 errorMessage: Platform Status, Send Request Failed. WinHTTP Cannot Connect. last error code = 12029 
22:51:49:989 [WARN]	Request Failed. ErrorCode: 112029 errorMessage: Platform Status, Send Request Failed. WinHTTP Cannot Connect. last error code = 12029 
22:51:49:995 [WARN]	Request Failed. ErrorCode: 112029 errorMessage: Platform Status, Send Request Failed. WinHTTP Cannot Connect. last error code = 12029 
22:52:30:022 [WARN]	Request Failed. ErrorCode: 112029 errorMessage: Platform Status, Send Request Failed. WinHTTP Cannot Connect. last error code = 12029 
22:52:32:043 [WARN]	Request Failed. ErrorCode: 112029 errorMessage: Platform Status, Send Request Failed. WinHTTP Cannot Connect. last error code = 12029 
22:52:58:079 [WARN]	Request Failed. ErrorCode: 112029 errorMessage: Platform Status, Send Request Failed. WinHTTP Cannot Connect. last error code = 12029 
22:53:58:120 [WARN]	Request Failed. ErrorCode: 112029 errorMessage: Platform Status, Send Request Failed. WinHTTP Cannot Connect. last error code = 12029 
22:54:52:139 [WARN]	Request Failed. ErrorCode: 112029 errorMessage: Platform Status, Send Request Failed. WinHTTP Cannot Connect. last error code = 12029 
22:55:02:184 [WARN]	Request Failed. ErrorCode: 112029 errorMessage: Platform Status, Send Request Failed. WinHTTP Cannot Connect. last error code = 12029 
22:55:44:235 [WARN]	Request Failed. ErrorCode: 112029 errorMessage: Platform Status, Send Request Failed. WinHTTP Cannot Connect. last error code = 12029 
22:55:58:273 [WARN]	Request Failed. ErrorCode: 112029 errorMessage: Platform Status, Send Request Failed. WinHTTP Cannot Connect. last error code = 12029 
22:56:52:299 [WARN]	Request Failed. ErrorCode: 112029 errorMessage: Platform Status, Send Request Failed. WinHTTP Cannot Connect. last error code = 12029 
22:57:30:337 [WARN]	Request Failed. ErrorCode: 112029 errorMessage: Platform Status, Send Request Failed. WinHTTP Cannot Connect. last error code = 12029 
22:57:34:348 [WARN]	Request Failed. ErrorCode: 112029 errorMessage: Platform Status, Send Request Failed. WinHTTP Cannot Connect. last error code = 12029 
22:58:36:386 [WARN]	Request Failed. ErrorCode: 112029 errorMessage: Platform Status, Send Request Failed. WinHTTP Cannot Connect. last error code = 12029 
22:59:24:409 [WARN]	Request Failed. ErrorCode: 112029 errorMessage: Platform Status, Send Request Failed. WinHTTP Cannot Connect. last error code = 12029 
22:59:56:432 [WARN]	Request Failed. ErrorCode: 112029 errorMessage: Platform Status, Send Request Failed. WinHTTP Cannot Connect. last error code = 12029 
23:00:32:461 [WARN]	Request Failed. ErrorCode: 112029 errorMessage: Platform Status, Send Request Failed. WinHTTP Cannot Connect. last error code = 12029 
23:01:24:491 [WARN]	Request Failed. ErrorCode: 112029 errorMessage: Platform Status, Send Request Failed. WinHTTP Cannot Connect. last error code = 12029 
23:01:32:522 [WARN]	Request Failed. ErrorCode: 112029 errorMessage: Platform Status, Send Request Failed. WinHTTP Cannot Connect. last error code = 12029 
23:02:12:548 [WARN]	Request Failed. ErrorCode: 112029 errorMessage: Platform Status, Send Request Failed. WinHTTP Cannot Connect. last error code = 12029 
23:02:40:568 [WARN]	Request Failed. ErrorCode: 112029 errorMessage: Platform Status, Send Request Failed. WinHTTP Cannot Connect. last error code = 12029 
23:03:14:586 [WARN]	Request Failed. ErrorCode: 112029 errorMessage: Platform Status, Send Request Failed. WinHTTP Cannot Connect. last error code = 12029 
23:03:24:623 [WARN]	Request Failed. ErrorCode: 112029 errorMessage: Platform Status, Send Request Failed. WinHTTP Cannot Connect. last error code = 12029 
23:04:24:657 [WARN]	Request Failed. ErrorCode: 112029 errorMessage: Platform Status, Send Request Failed. WinHTTP Cannot Connect. last error code = 12029 
23:04:42:688 [WARN]	Request Failed. ErrorCode: 112029 errorMessage: Platform Status, Send Request Failed. WinHTTP Cannot Connect. last error code = 12029 
23:05:24:708 [WARN]	Request Failed. ErrorCode: 112029 errorMessage: Platform Status, Send Request Failed. WinHTTP Cannot Connect. last error code = 12029 
23:06:12:739 [WARN]	Request Failed. ErrorCode: 112029 errorMessage: Platform Status, Send Request Failed. WinHTTP Cannot Connect. last error code = 12029 
23:06:24:766 [WARN]	Request Failed. ErrorCode: 112029 errorMessage: Platform Status, Send Request Failed. WinHTTP Cannot Connect. last error code = 12029 
23:06:44:799 [WARN]	Request Failed. ErrorCode: 112029 errorMessage: Platform Status, Send Request Failed. WinHTTP Cannot Connect. last error code = 12029 
23:06:52:830 [WARN]	Request Failed. ErrorCode: 112029 errorMessage: Platform Status, Send Request Failed. WinHTTP Cannot Connect. last error code = 12029 
23:07:36:853 [WARN]	Request Failed. ErrorCode: 112029 errorMessage: Platform Status, Send Request Failed. WinHTTP Cannot Connect. last error code = 12029 
23:08:14:879 [WARN]	Request Failed. ErrorCode: 112029 errorMessage: Platform Status, Send Request Failed. WinHTTP Cannot Connect. last error code = 12029 
23:08:42:897 [WARN]	Request Failed. ErrorCode: 112029 errorMessage: Platform Status, Send Request Failed. WinHTTP Cannot Connect. last error code = 12029 
23:09:32:937 [WARN]	Request Failed. ErrorCode: 112029 errorMessage: Platform Status, Send Request Failed. WinHTTP Cannot Connect. last error code = 12029 
23:10:16:991 [WARN]	Request Failed. ErrorCode: 112007 errorMessage: Platform Status, Send Request Failed. WinHTTP Name Not Resolved. last error code = 12007 
23:10:47:017 [WARN]	Request Failed. ErrorCode: 112029 errorMessage: Platform Status, Send Request Failed. WinHTTP Cannot Connect. last error code = 12029 
23:11:01:077 [WARN]	Request Failed. ErrorCode: 112029 errorMessage: Platform Status, Send Request Failed. WinHTTP Cannot Connect. last error code = 12029 
23:11:17:094 [WARN]	Request Failed. ErrorCode: 112029 errorMessage: Platform Status, Send Request Failed. WinHTTP Cannot Connect. last error code = 12029 
23:11:57:113 [WARN]	Request Failed. ErrorCode: 112029 errorMessage: Platform Status, Send Request Failed. WinHTTP Cannot Connect. last error code = 12029 
23:12:43:161 [WARN]	Request Failed. ErrorCode: 112029 errorMessage: Platform Status, Send Request Failed. WinHTTP Cannot Connect. last error code = 12029 
23:13:03:175 [WARN]	Request Failed. ErrorCode: 112029 errorMessage: Platform Status, Send Request Failed. WinHTTP Cannot Connect. last error code = 12029 
23:13:23:196 [WARN]	Request Failed. ErrorCode: 112029 errorMessage: Platform Status, Send Request Failed. WinHTTP Cannot Connect. last error code = 12029 
23:13:55:236 [WARN]	Request Failed. ErrorCode: 112029 errorMessage: Platform Status, Send Request Failed. WinHTTP Cannot Connect. last error code = 12029 
23:14:41:298 [WARN]	Request Failed. ErrorCode: 112029 errorMessage: Platform Status, Send Request Failed. WinHTTP Cannot Connect. last error code = 12029 
23:14:57:322 [WARN]	Request Failed. ErrorCode: 112029 errorMessage: Platform Status, Send Request Failed. WinHTTP Cannot Connect. last error code = 12029 
23:15:41:381 [WARN]	Request Failed. ErrorCode: 112029 errorMessage: Platform Status, Send Request Failed. WinHTTP Cannot Connect. last error code = 12029 
23:16:33:408 [WARN]	Request Failed. ErrorCode: 112029 errorMessage: Platform Status, Send Request Failed. WinHTTP Cannot Connect. last error code = 12029 
23:17:17:446 [WARN]	Request Failed. ErrorCode: 112029 errorMessage: Platform Status, Send Request Failed. WinHTTP Cannot Connect. last error code = 12029 
23:18:11:471 [WARN]	Request Failed. ErrorCode: 112029 errorMessage: Platform Status, Send Request Failed. WinHTTP Cannot Connect. last error code = 12029 
23:18:45:502 [WARN]	Request Failed. ErrorCode: 112029 errorMessage: Platform Status, Send Request Failed. WinHTTP Cannot Connect. last error code = 12029 
23:19:11:526 [WARN]	Request Failed. ErrorCode: 112029 errorMessage: Platform Status, Send Request Failed. WinHTTP Cannot Connect. last error code = 12029 
23:19:39:556 [WARN]	Request Failed. ErrorCode: 112029 errorMessage: Platform Status, Send Request Failed. WinHTTP Cannot Connect. last error code = 12029 
23:19:47:840 [WARN]	Request Failed. ErrorCode: 112029 errorMessage: Platform Status, Send Request Failed. WinHTTP Cannot Connect. last error code = 12029 
23:20:03:856 [WARN]	Request Failed. ErrorCode: 112029 errorMessage: Platform Status, Send Request Failed. WinHTTP Cannot Connect. last error code = 12029 
23:20:53:874 [WARN]	Request Failed. ErrorCode: 112029 errorMessage: Platform Status, Send Request Failed. WinHTTP Cannot Connect. last error code = 12029 
23:21:53:906 [WARN]	Request Failed. ErrorCode: 112029 errorMessage: Platform Status, Send Request Failed. WinHTTP Cannot Connect. last error code = 12029 
23:22:29:942 [WARN]	Request Failed. ErrorCode: 112029 errorMessage: Platform Status, Send Request Failed. WinHTTP Cannot Connect. last error code = 12029 
23:23:23:958 [WARN]	Request Failed. ErrorCode: 112029 errorMessage: Platform Status, Send Request Failed. WinHTTP Cannot Connect. last error code = 12029 
23:23:34:000 [WARN]	Request Failed. ErrorCode: 112029 errorMessage: Platform Status, Send Request Failed. WinHTTP Cannot Connect. last error code = 12029 
23:23:40:021 [WARN]	Request Failed. ErrorCode: 112029 errorMessage: Platform Status, Send Request Failed. WinHTTP Cannot Connect. last error code = 12029 
23:23:50:050 [WARN]	Request Failed. ErrorCode: 112029 errorMessage: Platform Status, Send Request Failed. WinHTTP Cannot Connect. last error code = 12029 
23:24:46:068 [WARN]	Request Failed. ErrorCode: 112029 errorMessage: Platform Status, Send Request Failed. WinHTTP Cannot Connect. last error code = 12029 
23:25:26:090 [WARN]	Request Failed. ErrorCode: 112029 errorMessage: Platform Status, Send Request Failed. WinHTTP Cannot Connect. last error code = 12029 
23:25:36:104 [WARN]	Request Failed. ErrorCode: 112029 errorMessage: Platform Status, Send Request Failed. WinHTTP Cannot Connect. last error code = 12029 
23:26:14:133 [WARN]	Request Failed. ErrorCode: 112029 errorMessage: Platform Status, Send Request Failed. WinHTTP Cannot Connect. last error code = 12029 
23:27:02:151 [WARN]	Request Failed. ErrorCode: 112029 errorMessage: Platform Status, Send Request Failed. WinHTTP Cannot Connect. last error code = 12029 
23:27:18:189 [WARN]	Request Failed. ErrorCode: 112029 errorMessage: Platform Status, Send Request Failed. WinHTTP Cannot Connect. last error code = 12029 
23:27:46:213 [WARN]	Request Failed. ErrorCode: 112029 errorMessage: Platform Status, Send Request Failed. WinHTTP Cannot Connect. last error code = 12029 
23:28:08:280 [WARN]	Request Failed. ErrorCode: 112029 errorMessage: Platform Status, Send Request Failed. WinHTTP Cannot Connect. last error code = 12029 
23:28:50:323 [WARN]	Request Failed. ErrorCode: 112029 errorMessage: Platform Status, Send Request Failed. WinHTTP Cannot Connect. last error code = 12029 
23:29:00:461 [WARN]	Request Failed. ErrorCode: 112029 errorMessage: Platform Status, Send Request Failed. WinHTTP Cannot Connect. last error code = 12029 
23:29:00:465 [WARN]	Request Failed. ErrorCode: 112029 errorMessage: Platform Status, Send Request Failed. WinHTTP Cannot Connect. last error code = 12029 
23:29:50:489 [WARN]	Request Failed. ErrorCode: 112029 errorMessage: Platform Status, Send Request Failed. WinHTTP Cannot Connect. last error code = 12029 
23:30:48:508 [WARN]	Request Failed. ErrorCode: 112029 errorMessage: Platform Status, Send Request Failed. WinHTTP Cannot Connect. last error code = 12029 
23:31:34:538 [WARN]	Request Failed. ErrorCode: 112029 errorMessage: Platform Status, Send Request Failed. WinHTTP Cannot Connect. last error code = 12029 
23:31:48:574 [WARN]	Request Failed. ErrorCode: 112029 errorMessage: Platform Status, Send Request Failed. WinHTTP Cannot Connect. last error code = 12029 
23:32:08:701 [WARN]	Request Failed. ErrorCode: 112029 errorMessage: Platform Status, Send Request Failed. WinHTTP Cannot Connect. last error code = 12029 
23:32:58:729 [WARN]	Request Failed. ErrorCode: 112029 errorMessage: Platform Status, Send Request Failed. WinHTTP Cannot Connect. last error code = 12029 
23:33:42:767 [WARN]	Request Failed. ErrorCode: 112029 errorMessage: Platform Status, Send Request Failed. WinHTTP Cannot Connect. last error code = 12029 
23:34:08:911 [WARN]	Request Failed. ErrorCode: 112029 errorMessage: Platform Status, Send Request Failed. WinHTTP Cannot Connect. last error code = 12029 
23:34:40:943 [WARN]	Request Failed. ErrorCode: 112029 errorMessage: Platform Status, Send Request Failed. WinHTTP Cannot Connect. last error code = 12029 
23:34:44:962 [WARN]	Request Failed. ErrorCode: 112029 errorMessage: Platform Status, Send Request Failed. WinHTTP Cannot Connect. last error code = 12029 
23:35:02:981 [WARN]	Request Failed. ErrorCode: 112029 errorMessage: Platform Status, Send Request Failed. WinHTTP Cannot Connect. last error code = 12029 
23:35:29:002 [WARN]	Request Failed. ErrorCode: 112029 errorMessage: Platform Status, Send Request Failed. WinHTTP Cannot Connect. last error code = 12029 
23:35:45:016 [WARN]	Request Failed. ErrorCode: 112029 errorMessage: Platform Status, Send Request Failed. WinHTTP Cannot Connect. last error code = 12029 
23:36:25:034 [WARN]	Request Failed. ErrorCode: 112029 errorMessage: Platform Status, Send Request Failed. WinHTTP Cannot Connect. last error code = 12029 
23:36:43:070 [WARN]	Request Failed. ErrorCode: 112029 errorMessage: Platform Status, Send Request Failed. WinHTTP Cannot Connect. last error code = 12029 
23:37:03:091 [WARN]	Request Failed. ErrorCode: 112029 errorMessage: Platform Status, Send Request Failed. WinHTTP Cannot Connect. last error code = 12029 
23:37:53:108 [WARN]	Request Failed. ErrorCode: 112029 errorMessage: Platform Status, Send Request Failed. WinHTTP Cannot Connect. last error code = 12029 
23:38:03:132 [WARN]	Request Failed. ErrorCode: 112029 errorMessage: Platform Status, Send Request Failed. WinHTTP Cannot Connect. last error code = 12029 
23:38:19:156 [WARN]	Request Failed. ErrorCode: 112029 errorMessage: Platform Status, Send Request Failed. WinHTTP Cannot Connect. last error code = 12029 
23:38:21:179 [WARN]	Request Failed. ErrorCode: 112029 errorMessage: Platform Status, Send Request Failed. WinHTTP Cannot Connect. last error code = 12029 
23:38:21:186 [WARN]	Request Failed. ErrorCode: 112029 errorMessage: Platform Status, Send Request Failed. WinHTTP Cannot Connect. last error code = 12029 
23:39:01:206 [WARN]	Request Failed. ErrorCode: 112029 errorMessage: Platform Status, Send Request Failed. WinHTTP Cannot Connect. last error code = 12029 
23:39:35:282 [WARN]	Request Failed. ErrorCode: 112029 errorMessage: Platform Status, Send Request Failed. WinHTTP Cannot Connect. last error code = 12029 
23:40:29:309 [WARN]	Request Failed. ErrorCode: 112029 errorMessage: Platform Status, Send Request Failed. WinHTTP Cannot Connect. last error code = 12029 
23:40:49:332 [WARN]	Request Failed. ErrorCode: 112029 errorMessage: Platform Status, Send Request Failed. WinHTTP Cannot Connect. last error code = 12029 
23:40:59:418 [WARN]	Request Failed. ErrorCode: 112029 errorMessage: Platform Status, Send Request Failed. WinHTTP Cannot Connect. last error code = 12029 
23:41:33:446 [WARN]	Request Failed. ErrorCode: 112029 errorMessage: Platform Status, Send Request Failed. WinHTTP Cannot Connect. last error code = 12029 
23:41:49:465 [WARN]	Request Failed. ErrorCode: 112029 errorMessage: Platform Status, Send Request Failed. WinHTTP Cannot Connect. last error code = 12029 
23:41:51:493 [WARN]	Request Failed. ErrorCode: 112029 errorMessage: Platform Status, Send Request Failed. WinHTTP Cannot Connect. last error code = 12029 
23:42:15:509 [WARN]	Request Failed. ErrorCode: 112029 errorMessage: Platform Status, Send Request Failed. WinHTTP Cannot Connect. last error code = 12029 
23:42:59:569 [WARN]	Request Failed. ErrorCode: 112029 errorMessage: Platform Status, Send Request Failed. WinHTTP Cannot Connect. last error code = 12029 
23:43:17:603 [WARN]	Request Failed. ErrorCode: 112029 errorMessage: Platform Status, Send Request Failed. WinHTTP Cannot Connect. last error code = 12029 
23:43:39:624 [WARN]	Request Failed. ErrorCode: 112029 errorMessage: Platform Status, Send Request Failed. WinHTTP Cannot Connect. last error code = 12029 
23:43:53:648 [WARN]	Request Failed. ErrorCode: 112029 errorMessage: Platform Status, Send Request Failed. WinHTTP Cannot Connect. last error code = 12029 
23:44:39:681 [WARN]	Request Failed. ErrorCode: 112029 errorMessage: Platform Status, Send Request Failed. WinHTTP Cannot Connect. last error code = 12029 
23:45:03:697 [WARN]	Request Failed. ErrorCode: 112029 errorMessage: Platform Status, Send Request Failed. WinHTTP Cannot Connect. last error code = 12029 
23:45:33:712 [WARN]	Request Failed. ErrorCode: 112029 errorMessage: Platform Status, Send Request Failed. WinHTTP Cannot Connect. last error code = 12029 
23:46:07:735 [WARN]	Request Failed. ErrorCode: 112029 errorMessage: Platform Status, Send Request Failed. WinHTTP Cannot Connect. last error code = 12029 
23:46:49:761 [WARN]	Request Failed. ErrorCode: 112029 errorMessage: Platform Status, Send Request Failed. WinHTTP Cannot Connect. last error code = 12029 
23:47:47:797 [WARN]	Request Failed. ErrorCode: 112029 errorMessage: Platform Status, Send Request Failed. WinHTTP Cannot Connect. last error code = 12029 
23:48:39:866 [WARN]	Request Failed. ErrorCode: 112029 errorMessage: Platform Status, Send Request Failed. WinHTTP Cannot Connect. last error code = 12029 
23:49:21:880 [WARN]	Request Failed. ErrorCode: 112029 errorMessage: Platform Status, Send Request Failed. WinHTTP Cannot Connect. last error code = 12029 
23:49:23:923 [WARN]	Request Failed. ErrorCode: 112029 errorMessage: Platform Status, Send Request Failed. WinHTTP Cannot Connect. last error code = 12029 
23:50:17:942 [WARN]	Request Failed. ErrorCode: 112029 errorMessage: Platform Status, Send Request Failed. WinHTTP Cannot Connect. last error code = 12029 
23:50:19:953 [WARN]	Request Failed. ErrorCode: 112029 errorMessage: Platform Status, Send Request Failed. WinHTTP Cannot Connect. last error code = 12029 
23:50:19:959 [WARN]	Request Failed. ErrorCode: 112029 errorMessage: Platform Status, Send Request Failed. WinHTTP Cannot Connect. last error code = 12029 
23:51:19:973 [WARN]	Request Failed. ErrorCode: 112029 errorMessage: Platform Status, Send Request Failed. WinHTTP Cannot Connect. last error code = 12029 
23:51:38:006 [WARN]	Request Failed. ErrorCode: 112029 errorMessage: Platform Status, Send Request Failed. WinHTTP Cannot Connect. last error code = 12029 
23:51:54:040 [WARN]	Request Failed. ErrorCode: 112029 errorMessage: Platform Status, Send Request Failed. WinHTTP Cannot Connect. last error code = 12029 
23:52:46:077 [WARN]	Request Failed. ErrorCode: 112029 errorMessage: Platform Status, Send Request Failed. WinHTTP Cannot Connect. last error code = 12029 
23:53:00:115 [WARN]	Request Failed. ErrorCode: 112029 errorMessage: Platform Status, Send Request Failed. WinHTTP Cannot Connect. last error code = 12029 
23:53:12:145 [WARN]	Request Failed. ErrorCode: 112029 errorMessage: Platform Status, Send Request Failed. WinHTTP Cannot Connect. last error code = 12029 
23:53:16:166 [WARN]	Request Failed. ErrorCode: 112029 errorMessage: Platform Status, Send Request Failed. WinHTTP Cannot Connect. last error code = 12029 
23:53:58:191 [WARN]	Request Failed. ErrorCode: 112029 errorMessage: Platform Status, Send Request Failed. WinHTTP Cannot Connect. last error code = 12029 
23:54:38:229 [WARN]	Request Failed. ErrorCode: 112029 errorMessage: Platform Status, Send Request Failed. WinHTTP Cannot Connect. last error code = 12029 
23:55:40:312 [WARN]	Request Failed. ErrorCode: 112029 errorMessage: Platform Status, Send Request Failed. WinHTTP Cannot Connect. last error code = 12029 
23:56:32:349 [WARN]	Request Failed. ErrorCode: 112029 errorMessage: Platform Status, Send Request Failed. WinHTTP Cannot Connect. last error code = 12029 
23:56:46:371 [WARN]	Request Failed. ErrorCode: 112029 errorMessage: Platform Status, Send Request Failed. WinHTTP Cannot Connect. last error code = 12029 
23:57:36:403 [WARN]	Request Failed. ErrorCode: 112029 errorMessage: Platform Status, Send Request Failed. WinHTTP Cannot Connect. last error code = 12029 
23:57:42:435 [WARN]	Request Failed. ErrorCode: 112029 errorMessage: Platform Status, Send Request Failed. WinHTTP Cannot Connect. last error code = 12029 
23:58:16:459 [WARN]	Request Failed. ErrorCode: 112029 errorMessage: Platform Status, Send Request Failed. WinHTTP Cannot Connect. last error code = 12029 
23:58:58:483 [WARN]	Request Failed. ErrorCode: 112029 errorMessage: Platform Status, Send Request Failed. WinHTTP Cannot Connect. last error code = 12029 
23:59:30:525 [WARN]	Request Failed. ErrorCode: 112029 errorMessage: Platform Status, Send Request Failed. WinHTTP Cannot Connect. last error code = 12029 
